🐝 app · claude opus
  file      qory-stack.yaml
  checkout  /work/app
  home      .qory/harness

Modules
  core    ../modules/core    working-tree
  review  ../modules/review  working-tree (dirty)  variant claude

Entries
  agents/reviewer  review
  skills/ship      core

Excludes
  core  skills/old
